mtv@x570:~/Documents/GitHub/ERC_HD-humble/docker_humble_desktop_new$ sudo docker ps -a
CONTAINER ID   IMAGE     COMMAND   CREATED   STATUS    PORTS     NAMES
mtv@x570:~/Documents/GitHub/ERC_HD-humble/docker_humble_desktop_new$ sudo docker network ls
NETWORK ID     NAME      DRIVER    SCOPE
8255ff9b6cb0   bridge    bridge    local
acd35916b4bc   host      host      local
0d4eeca6054c   none      null      local
mtv@x570:~/Documents/GitHub/ERC_HD-humble/docker_humble_desktop_new$ sudo docker volume ls
DRIVER    VOLUME NAME
mtv@x570:~/Documents/GitHub/ERC_HD-humble/docker_humble_desktop_new$ sudo make help
HD Desktop Docker Commands 

Available commands: 
  help              Show this help message
  docker-check      Check if Docker is running
  build             Build the HD Desktop Docker image (with cache refresh)
  build-quick       Build the HD Desktop Docker image (using cache)
  run               Run HD Desktop container with GPU support
  run-no-gpu        Run HD Desktop container without GPU support
  attach            Attach to running HD Desktop container
  stop              Stop the HD Desktop container
  create_volume     Create the persistent home volume for HD Desktop
  remove_volume     Remove the persistent home volume for HD Desktop
  remove_container   Remove the HD Desktop container
  status            Show status of HD Desktop containers and volumes
  logs              Show logs from the HD Desktop container
  gpu-check         Check if NVIDIA GPU support is available

Examples: 
  make run         # Run with GPU support
  make run-no-gpu  # Run without GPU support
  make attach      # Attach to running container
  make stop        # Stop the container

mtv@x570:~/Documents/GitHub/ERC_HD-humble/docker_humble_desktop_new$ sudo make run-no-gpu 
[INFO] Preparing Xauthority data... 
Done. 

Verifying file contents: 
/tmp/.docker.xauth: X11 Xauthority data
--> It should say "X11 Xauthority data". 

Permissions: 
-rw-r--r-- 1 root root 48 Nov  5 09:03 /tmp/.docker.xauth

[INFO] Starting HD Desktop container without GPU support... 
docker compose --profile no-gpu up -d hd
external volume "hd_humble_desktop_home_volume" not found
make: *** [Makefile:84: run-no-gpu] Error 1
mtv@x570:~/Documents/GitHub/ERC_HD-humble/docker_humble_desktop_new$ sudo make create_volume 
[INFO] Creating persistent home volume for HD Desktop... 
hd_humble_desktop_home_volume
[SUCCESS] Volume created: hd_humble_desktop_home_volume 
mtv@x570:~/Documents/GitHub/ERC_HD-humble/docker_humble_desktop_new$ sudo make run-no-gpu 
[INFO] Preparing Xauthority data... 
Done. 

Verifying file contents: 
/tmp/.docker.xauth: X11 Xauthority data
--> It should say "X11 Xauthority data". 

Permissions: 
-rw-r--r-- 1 root root 48 Nov  5 09:03 /tmp/.docker.xauth

[INFO] Starting HD Desktop container without GPU support... 
docker compose --profile no-gpu up -d hd
[+] Running 1/1
 âœ” Container hd_humble_desktop  Started                                                                                                                                                                                                            0.3s 
[SUCCESS] HD Desktop started without GPU support 
Use 'make attach' to connect to the container 
mtv@x570:~/Documents/GitHub/ERC_HD-humble/docker_humble_desktop_new$ sudo make status
[INFO] HD Desktop status: 

Docker Compose Services: 
NAMES               STATUS         PORTS
hd_humble_desktop   Up 9 seconds   

Volumes: 
VOLUME NAME                     DRIVER
hd_humble_desktop_home_volume   local

Images: 
REPOSITORY              TAG              SIZE      CREATED AT
ghcr.io/epflxplore/hd   humble-desktop   14GB      2025-11-05 00:25:25 +0100 CET
mtv@x570:~/Documents/GitHub/ERC_HD-humble/docker_humble_desktop_new$ sudo docker network ls
NETWORK ID     NAME      DRIVER    SCOPE
8255ff9b6cb0   bridge    bridge    local
acd35916b4bc   host      host      local
0d4eeca6054c   none      null      local
mtv@x570:~/Documents/GitHub/ERC_HD-humble/docker_humble_desktop_new$ sudo make attach 
[INFO] Attaching to HD Desktop container... 
ðŸ”— Attaching to HD Desktop container...

docker exec -it hd_humble_desktop /bin/bash -c " \
	export RMW_IMPLEMENTATION=rmw_cyclonedds_cpp; \
	export DISPLAY=unix\$DISPLAY; \
	export QT_X11_NO_MITSHM=1; \
	export PYTHONPATH=/home/xplore/dev_ws/install/rover_pkg/lib/python3.10/site-packages:/home/xplore/dev_ws/install/custom_msg/local/lib/python3.10/dist-packages:/opt/ros/humble/install/local/lib/python3.10/dist-packages:/opt/ros/humble/install/lib/python3.10/site-packages:/opt/ros/humble/local/lib/python3.10/dist-packages:/opt/ros/humble/lib/python3.10/site-packages; \
	source install/setup.bash; \
	echo 'ðŸš€ Welcome to HD Desktop container!'; \
	echo 'Environment configured with:'; \
	echo '  - ROS 2 Humble'; \
	echo '  - CycloneDDS middleware'; \
	echo '  - X11 forwarding'; \
	echo '  - Heavy Duty hardware support'; \
	echo ''; \
	/bin/bash"
/bin/bash: line 1: install/setup.bash: No such file or directory
ðŸš€ Welcome to HD Desktop container!
Environment configured with:
  - ROS 2 Humble
  - CycloneDDS middleware
  - X11 forwarding
  - Heavy Duty hardware support

xplore@x570:~/dev_ws$ exit
exit
mtv@x570:~/Documents/GitHub/ERC_HD-humble/docker_humble_desktop_new$ sudo make remove_container 
[INFO] Removing HD Desktop container... 
hd_humble_desktop
[SUCCESS] Container removed: hd_humble_desktop 
mtv@x570:~/Documents/GitHub/ERC_HD-humble/docker_humble_desktop_new$ sudo make remove_volume 
[INFO] Removing persistent home volume for HD Desktop... 
hd_humble_desktop_home_volume
[SUCCESS] Volume removed: hd_humble_desktop_home_volume 
mtv@x570:~/Documents/GitHub/ERC_HD-humble/docker_humble_desktop_new$ sudo make status
[INFO] HD Desktop status: 

Docker Compose Services: 
NAMES     STATUS    PORTS

Volumes: 
VOLUME NAME   DRIVER

Images: 
REPOSITORY              TAG              SIZE      CREATED AT
ghcr.io/epflxplore/hd   humble-desktop   14GB      2025-11-05 00:25:25 +0100 CET
mtv@x570:~/Documents/GitHub/ERC_HD-humble/docker_humble_desktop_new$ 
